# t38_calibrate.py; calibration episodes 15; validity problems 0
== episode scores (C-30)
  d20181114-s10-r1-w07: S_j = 133.6 s; promised riders 49; X_r > 60 s: 13; largest X_r on rq-4cdea2acaff920bf238ef0d20aca1739a37afe4a9e67c07a4a57a9ebcc23c260
  d20181114-s10-r1-w08: S_j = 81.2 s; promised riders 86; X_r > 60 s: 1; largest X_r on rq-b10ff6c53a3726ff7e8a5390c83d1b1aa408ded673b99096b5ffe0103e19feaf
  d20181114-s10-r1-w17: S_j = 30.2 s; promised riders 93; X_r > 60 s: 0; largest X_r on rq-5beea740650baaafec3bc31fc0f314cbd79cd2a8dc87d59adbf93ec46d65076f
  d20181114-s10-r2-w07: S_j = 222.3 s; promised riders 54; X_r > 60 s: 11; largest X_r on rq-e2acfe662cb865a361d1886ba54713b92d1f6d49f4111e99adbcf8e4d4d7baaa
  d20181114-s10-r2-w08: S_j = 133.8 s; promised riders 80; X_r > 60 s: 1; largest X_r on rq-0ba17233e4fd70074d7287b7cdd76e3f2802f03de696b7ef270ae5857034acd6
  d20181114-s10-r2-w17: S_j = 50.4 s; promised riders 89; X_r > 60 s: 0; largest X_r on rq-4cf6ed727a02887a7d07f79329eb3d3bc6f850ed2625a221157a0db21baf55c0
  d20181115-s10-r3-w07: S_j = 165.1 s; promised riders 47; X_r > 60 s: 18; largest X_r on rq-5025ad332debb5a776d5701f1e4a6da13c44a7bada4f5b249dbb41e4864d46a0
  d20181115-s10-r3-w08: S_j = 55.2 s; promised riders 74; X_r > 60 s: 0; largest X_r on rq-b458640a8d97e668f60394f2699d5f8bdf603467dd6d4890aebdf73a50c57997
  d20181116-s10-r3-w07: S_j = 97.5 s; promised riders 65; X_r > 60 s: 4; largest X_r on rq-5424b7b13997290bf09e999d3fca3e209c5b33e30d11bfd7f5eba712b5de144f
  d20181116-s10-r3-w08: S_j = 92.4 s; promised riders 75; X_r > 60 s: 3; largest X_r on rq-5c8494a4cc0c48d57ef2ef547096ecfcb6c5bea9782c696f541d4b1af54f1e09
  d20181116-s10-r3-w17: S_j = 53.6 s; promised riders 81; X_r > 60 s: 0; largest X_r on rq-4b5521649c5623613655d9f77f12d683a70e8e7bd280d63f1e2f3172f9659d0f
  d20181117-s10-r4-w08: S_j = 89.0 s; promised riders 63; X_r > 60 s: 4; largest X_r on rq-0766a0f4a8f9783ce3c93afdbfe575a0a6c532e7c3d729835880dd66a53c1123
  d20181117-s10-r4-w17: S_j = 47.3 s; promised riders 78; X_r > 60 s: 0; largest X_r on rq-cce095c7bd3ff29176eebe2e9b8c59be5f9db50b32c864e2e9d5dc9670f589f1
  d20181118-s10-r1-w08: S_j = 100.0 s; promised riders 64; X_r > 60 s: 4; largest X_r on rq-d3c95b3bae97f5ec283bb2a0c59adb21e7fda1cbf92a0d29cde643ac92fb01eb
  d20181118-s10-r1-w17: S_j = 66.1 s; promised riders 78; X_r > 60 s: 2; largest X_r on rq-9a9bfda24b12f1c3dff485154e05aa04db03b417642fcbb000ab95af8ebad200
== gamma: gamma = the 15-th smallest of 15 scores; k = 15, n = 15, alpha = 1/10
   gamma = 222.259 s; beta + gamma = 252.259 s; useful (<= 300 s): True; within 120 s: False
   wrote GAMMA-t38-v1.json sha256 2bdd3b0e83a6cd3d09550a4551f063101c68a97b783fe49a8729f1ace9f198cd
