# make_split_t38.py seed 20261001; 49 episodes in 20 groups
calibration groups: ['d20181114-s10-r1', 'd20181114-s10-r2', 'd20181115-s10-r3', 'd20181116-s10-r3', 'd20181117-s10-r4', 'd20181118-s10-r1']
calibration episodes: 15; test episodes: 34
  calibration w07: 4
  calibration w08: 6
  calibration w17: 5
  calibration 20181114: 6
  calibration 20181115: 2
  calibration 20181116: 3
  calibration 20181117: 2
  calibration 20181118: 2
  test w07: 9
  test w08: 14
  test w17: 11
  test 20181114: 6
  test 20181115: 6
  test 20181116: 9
  test 20181117: 7
  test 20181118: 6
groups on both sides: none
manifest sha256 b72ac0f731fa7425891f364f0976054ae172a3117a507155ebe7e5c122ea03f1
