# make_forecast_configs.py
forecast-k2-2018-11-14.json: sources ['2018-11-12', '2018-11-13']; sha256 d486619ada3e7d2844ecb558168cae2861eff68d25c4e7562422acfdc4782077
forecast-k2-2018-11-15.json: sources ['2018-11-12', '2018-11-13', '2018-11-14']; sha256 08aeb0f67fa80faadfc00839a02e9a4e201807d97cda8c9ae38576c9fc61661a
forecast-k1-2018-11-15.json: sources ['2018-11-12', '2018-11-13', '2018-11-14']; sha256 c82ab0975d7f49bb5f6a79d1e600ed9a89159a37e2fa889700a0d464086b119e
forecast-k2-2018-11-16.json: sources ['2018-11-12', '2018-11-13', '2018-11-14']; sha256 08aeb0f67fa80faadfc00839a02e9a4e201807d97cda8c9ae38576c9fc61661a
r-table.json sha256 46ea78778a309b20206a68518c0048cf7d189187e1b8e4e1183ff3dc530484cd
  d20181114-s10-r3-w07: [1.049769, 1.057423, 1.028164, 1.022144, 1.02598, 1.008738, 1.017235, 1.005497, 1.0]
  d20181114-s10-r4-w07: [1.049769, 1.057423, 1.028164, 1.022144, 1.02598, 1.008738, 1.017235, 1.005497, 1.0]
  d20181115-s10-r1-w07: [1.049977, 1.065351, 1.028886, 1.025874, 1.023559, 1.014809, 1.015586, 1.00758, 1.0]
  d20181115-s10-r2-w07: [1.049977, 1.065351, 1.028886, 1.025874, 1.023559, 1.014809, 1.015586, 1.00758, 1.0]
  d20181115-s10-r4-w07: [1.049977, 1.065351, 1.028886, 1.025874, 1.023559, 1.014809, 1.015586, 1.00758, 1.0]
  d20181116-s10-r1-w07: [1.049977, 1.065351, 1.028886, 1.025874, 1.023559, 1.014809, 1.015586, 1.00758, 1.0]
  d20181116-s10-r2-w07: [1.049977, 1.065351, 1.028886, 1.025874, 1.023559, 1.014809, 1.015586, 1.00758, 1.0]
  d20181116-s10-r4-w07: [1.049977, 1.065351, 1.028886, 1.025874, 1.023559, 1.014809, 1.015586, 1.00758, 1.0]
  d20181114-s10-r3-w08: [1.02598, 1.008738, 1.017235, 1.005497, 1.008126, 0.988249, 1.007172, 1.008875, 1.0]
  d20181114-s10-r4-w08: [1.02598, 1.008738, 1.017235, 1.005497, 1.008126, 0.988249, 1.007172, 1.008875, 1.0]
  d20181115-s10-r1-w08: [1.023559, 1.014809, 1.015586, 1.00758, 1.00586, 0.995339, 1.005196, 1.005734, 1.0]
  d20181115-s10-r2-w08: [1.023559, 1.014809, 1.015586, 1.00758, 1.00586, 0.995339, 1.005196, 1.005734, 1.0]
  d20181115-s10-r4-w08: [1.023559, 1.014809, 1.015586, 1.00758, 1.00586, 0.995339, 1.005196, 1.005734, 1.0]
  d20181116-s10-r1-w08: [1.023559, 1.014809, 1.015586, 1.00758, 1.00586, 0.995339, 1.005196, 1.005734, 1.0]
  d20181116-s10-r2-w08: [1.023559, 1.014809, 1.015586, 1.00758, 1.00586, 0.995339, 1.005196, 1.005734, 1.0]
  d20181116-s10-r4-w08: [1.023559, 1.014809, 1.015586, 1.00758, 1.00586, 0.995339, 1.005196, 1.005734, 1.0]
E1 cell d20181115-s10-r4-w08; E2 cell d20181115-s10-r2-w07
